exports[`Splash renders a initial view 1`] = `"<div class=\"splash\"><img src=\"https://source.unsplash.com/weekly\"><h1><span class=\"splash-word\"><span class=\"splash-left\">R</span><span class=\"splash-left\">e</span><span class=\"splash-left\">a</span><span class=\"splash-left\">c</span><span class=\"splash-left\">t</span></span><span class=\"splash-word\"><span class=\"splash-right\">S</span><span class=\"splash-right\">p</span><span class=\"splash-right\">l</span><span class=\"splash-right\">a</span><span class=\"splash-right\">s</span><span class=\"splash-right\">h</span></span></h1></div>"`;
